07/07/2026 22:28:34 | INFO     | PortalSession   | Starting Chrome...
07/07/2026 22:28:42 | INFO     | ResourcesJob    | Running resource check...
07/07/2026 22:28:42 | INFO     | Collector       | Collecting resources...
07/07/2026 22:28:42 | INFO     | Collector       | Collecting subjects...
07/07/2026 22:29:13 | ERROR    | ResourcesJob    | Resource job failed.
Traceback (most recent call last):
  File "C:\Users\Pichau\Documents\coisas\botescolar\jobs\resources.py", line 58, in run
    .collect_resources()
     ~~~~~~~~~~~~~~~~~^^
  File "C:\Users\Pichau\Documents\coisas\botescolar\portal\collection.py", line 181, in collect_resources
    subjects = self.get_subjects()
  File "C:\Users\Pichau\Documents\coisas\botescolar\portal\collection.py", line 89, in get_subjects
    modal = self.session.wait(
        selectors.SUBJECT_MODAL
    )
  File "C:\Users\Pichau\Documents\coisas\botescolar\portal\session.py", line 174, in wait
    return utils.wait_present(
           ~~~~~~~~~~~~~~~~~~^
        self.driver,
        ^^^^^^^^^^^^
        xpath,
        ^^^^^^
        timeout,
        ^^^^^^^^
    )
    ^
  File "C:\Users\Pichau\Documents\coisas\botescolar\portal\utils.py", line 30, in wait_present
    return WebDriverWait(driver, timeout).until(
           ~~~~~~~~~~~~~~~~~~~~~~~~~~~~~~~~~~~~^
        EC.presence_of_element_located((By.XPATH, xpath))
        ^^^^^^^^^^^^^^^^^^^^^^^^^^^^^^^^^^^^^^^^^^^^^^^^^
    )
    ^
  File "C:\Users\Pichau\AppData\Local\Python\pythoncore-3.14-64\Lib\site-packages\selenium\webdriver\support\wait.py", line 121, in until
    raise TimeoutException(message, screen, stacktrace)
selenium.common.exceptions.TimeoutException: Message: 
Stacktrace:
	chromedriver!GetHandleVerifier [0x7ff6662be1d5+153f5]
	chromedriver!GetHandleVerifier [0x7ff6662be230+15450]
	chromedriver!(No symbol) [0x7ff665df5bbd]
	chromedriver!(No symbol) [0x7ff665e5108d]
	chromedriver!(No symbol) [0x7ff665e5138c]
	chromedriver!(No symbol) [0x7ff665ea1c27]
	chromedriver!(No symbol) [0x7ff665e9e7eb]
	chromedriver!(No symbol) [0x7ff665e4361c]
	chromedriver!(No symbol) [0x7ff665e44543]
	chromedriver!GetHandleVerifier [0x7ff6668897c1+5e09e1]
	chromedriver!GetHandleVerifier [0x7ff666883b6b+5dad8b]
	chromedriver!GetHandleVerifier [0x7ff6668a9345+600565]
	chromedriver!GetHandleVerifier [0x7ff6662dbf7e+3319e]
	chromedriver!GetHandleVerifier [0x7ff6662e476c+3b98c]
	chromedriver!GetHandleVerifier [0x7ff6662c82a4+1f4c4]
	chromedriver!GetHandleVerifier [0x7ff6662c8434+1f654]
	chromedriver!GetHandleVerifier [0x7ff6662ab0c7+22e7]
	KERNEL32!BaseThreadInitThunk [0x7ffd7d80e8d7+17]
	ntdll!RtlUserThreadStart [0x7ffd7efac40c+2c]

07/07/2026 22:29:13 | INFO     | PortalSession   | Closing Chrome...
07/07/2026 22:47:28 | INFO     | Token           | Opening browser for token capture...
07/07/2026 22:47:37 | INFO     | Token           | Waiting for portal login...
07/07/2026 22:48:02 | ERROR    | Token           | Token not found.
07/07/2026 22:48:13 | INFO     | Token           | Opening browser for token capture...
07/07/2026 22:48:24 | INFO     | Token           | Waiting for portal login...
07/07/2026 22:48:49 | ERROR    | Token           | Token not found.
07/07/2026 22:52:39 | INFO     | Token           | Opening browser for token capture...
07/07/2026 22:52:48 | INFO     | Token           | Waiting for portal login...
07/07/2026 22:53:13 | ERROR    | Token           | Token not found.
07/07/2026 22:53:20 | INFO     | Token           | Opening browser for token capture...
07/07/2026 22:53:28 | INFO     | Token           | Waiting for portal login...
07/07/2026 22:53:53 | ERROR    | Token           | Token not found.
07/07/2026 22:54:42 | INFO     | Token           | Opening browser for token capture...
07/07/2026 22:54:46 | INFO     | Token           | Waiting for portal login...
07/07/2026 22:55:21 | ERROR    | Token           | Token not found.
07/07/2026 22:55:30 | INFO     | Token           | Opening browser for token capture...
07/07/2026 22:55:35 | INFO     | Token           | Waiting for portal login...
07/07/2026 22:56:10 | ERROR    | Token           | Token not found.
07/07/2026 22:58:16 | INFO     | Token           | Opening browser for token capture...
07/07/2026 22:58:20 | INFO     | Token           | Waiting for portal login...
07/07/2026 22:58:55 | INFO     | Token           | Token captured (794 chars)
07/07/2026 22:58:57 | INFO     | PortalSession   | Starting Chrome...
07/07/2026 22:58:58 | INFO     | PortalSession   | Opening https://portal.educacaoadventista.org.br/
07/07/2026 22:59:03 | INFO     | ResourcesJob    | Running resource check...
07/07/2026 22:59:03 | INFO     | Collector       | Collecting resources...
07/07/2026 22:59:03 | INFO     | Collector       | Collecting subjects...
07/07/2026 22:59:33 | ERROR    | ResourcesJob    | Resource job failed.
Traceback (most recent call last):
  File "C:\Users\Pichau\Documents\coisas\botescolar\jobs\resources.py", line 58, in run
    .collect_resources()
     ~~~~~~~~~~~~~~~~~^^
  File "C:\Users\Pichau\Documents\coisas\botescolar\portal\collection.py", line 181, in collect_resources
    subjects = self.get_subjects()
  File "C:\Users\Pichau\Documents\coisas\botescolar\portal\collection.py", line 89, in get_subjects
    modal = self.session.wait(
        selectors.SUBJECT_MODAL
    )
  File "C:\Users\Pichau\Documents\coisas\botescolar\portal\session.py", line 188, in wait
    return utils.wait_present(
           ~~~~~~~~~~~~~~~~~~^
        self.driver,
        ^^^^^^^^^^^^
        xpath,
        ^^^^^^
        timeout,
        ^^^^^^^^
    )
    ^
  File "C:\Users\Pichau\Documents\coisas\botescolar\portal\utils.py", line 30, in wait_present
    return WebDriverWait(driver, timeout).until(
           ~~~~~~~~~~~~~~~~~~~~~~~~~~~~~~~~~~~~^
        EC.presence_of_element_located((By.XPATH, xpath))
        ^^^^^^^^^^^^^^^^^^^^^^^^^^^^^^^^^^^^^^^^^^^^^^^^^
    )
    ^
  File "C:\Users\Pichau\AppData\Local\Python\pythoncore-3.14-64\Lib\site-packages\selenium\webdriver\support\wait.py", line 121, in until
    raise TimeoutException(message, screen, stacktrace)
selenium.common.exceptions.TimeoutException: Message: 
Stacktrace:
	chromedriver!GetHandleVerifier [0x7ff6662be1d5+153f5]
	chromedriver!GetHandleVerifier [0x7ff6662be230+15450]
	chromedriver!(No symbol) [0x7ff665df5bbd]
	chromedriver!(No symbol) [0x7ff665e5108d]
	chromedriver!(No symbol) [0x7ff665e5138c]
	chromedriver!(No symbol) [0x7ff665ea1c27]
	chromedriver!(No symbol) [0x7ff665e9e7eb]
	chromedriver!(No symbol) [0x7ff665e4361c]
	chromedriver!(No symbol) [0x7ff665e44543]
	chromedriver!GetHandleVerifier [0x7ff6668897c1+5e09e1]
	chromedriver!GetHandleVerifier [0x7ff666883b6b+5dad8b]
	chromedriver!GetHandleVerifier [0x7ff6668a9345+600565]
	chromedriver!GetHandleVerifier [0x7ff6662dbf7e+3319e]
	chromedriver!GetHandleVerifier [0x7ff6662e476c+3b98c]
	chromedriver!GetHandleVerifier [0x7ff6662c82a4+1f4c4]
	chromedriver!GetHandleVerifier [0x7ff6662c8434+1f654]
	chromedriver!GetHandleVerifier [0x7ff6662ab0c7+22e7]
	KERNEL32!BaseThreadInitThunk [0x7ffd7d80e8d7+17]
	ntdll!RtlUserThreadStart [0x7ffd7efac40c+2c]

07/07/2026 22:59:33 | INFO     | PortalSession   | Closing Chrome...
07/07/2026 23:28:49 | INFO     | Token           | Opening browser for token capture...
07/07/2026 23:28:54 | INFO     | Token           | Waiting for portal login...
07/07/2026 23:29:29 | INFO     | Token           | Token captured (794 chars)
07/07/2026 23:29:31 | INFO     | PortalSession   | Starting Chrome...
07/07/2026 23:29:31 | INFO     | PortalSession   | Opening https://portal.educacaoadventista.org.br/
07/07/2026 23:29:33 | INFO     | ResourcesJob    | Running resource check...
07/07/2026 23:29:33 | INFO     | Collector       | Collecting resources...
07/07/2026 23:29:33 | INFO     | Collector       | Collecting subjects...
07/07/2026 23:30:04 | ERROR    | ResourcesJob    | Resource job failed.
Traceback (most recent call last):
  File "C:\Users\Pichau\Documents\coisas\botescolar\jobs\resources.py", line 58, in run
    .collect_resources()
     ~~~~~~~~~~~~~~~~~^^
  File "C:\Users\Pichau\Documents\coisas\botescolar\portal\collection.py", line 181, in collect_resources
    subjects = self.get_subjects()
  File "C:\Users\Pichau\Documents\coisas\botescolar\portal\collection.py", line 89, in get_subjects
    modal = self.session.wait(
        selectors.SUBJECT_MODAL
    )
  File "C:\Users\Pichau\Documents\coisas\botescolar\portal\session.py", line 204, in wait
    return utils.wait_present(
           ~~~~~~~~~~~~~~~~~~^
        self.driver,
        ^^^^^^^^^^^^
        xpath,
        ^^^^^^
        timeout,
        ^^^^^^^^
    )
    ^
  File "C:\Users\Pichau\Documents\coisas\botescolar\portal\utils.py", line 30, in wait_present
    return WebDriverWait(driver, timeout).until(
           ~~~~~~~~~~~~~~~~~~~~~~~~~~~~~~~~~~~~^
        EC.presence_of_element_located((By.XPATH, xpath))
        ^^^^^^^^^^^^^^^^^^^^^^^^^^^^^^^^^^^^^^^^^^^^^^^^^
    )
    ^
  File "C:\Users\Pichau\AppData\Local\Python\pythoncore-3.14-64\Lib\site-packages\selenium\webdriver\support\wait.py", line 121, in until
    raise TimeoutException(message, screen, stacktrace)
selenium.common.exceptions.TimeoutException: Message: 
Stacktrace:
	chromedriver!GetHandleVerifier [0x7ff76d4fe1d5+153f5]
	chromedriver!GetHandleVerifier [0x7ff76d4fe230+15450]
	chromedriver!(No symbol) [0x7ff76d035bbd]
	chromedriver!(No symbol) [0x7ff76d09108d]
	chromedriver!(No symbol) [0x7ff76d09138c]
	chromedriver!(No symbol) [0x7ff76d0e1c27]
	chromedriver!(No symbol) [0x7ff76d0de7eb]
	chromedriver!(No symbol) [0x7ff76d08361c]
	chromedriver!(No symbol) [0x7ff76d084543]
	chromedriver!GetHandleVerifier [0x7ff76dac97c1+5e09e1]
	chromedriver!GetHandleVerifier [0x7ff76dac3b6b+5dad8b]
	chromedriver!GetHandleVerifier [0x7ff76dae9345+600565]
	chromedriver!GetHandleVerifier [0x7ff76d51bf7e+3319e]
	chromedriver!GetHandleVerifier [0x7ff76d52476c+3b98c]
	chromedriver!GetHandleVerifier [0x7ff76d5082a4+1f4c4]
	chromedriver!GetHandleVerifier [0x7ff76d508434+1f654]
	chromedriver!GetHandleVerifier [0x7ff76d4eb0c7+22e7]
	KERNEL32!BaseThreadInitThunk [0x7ffd7d80e8d7+17]
	ntdll!RtlUserThreadStart [0x7ffd7efac40c+2c]

07/07/2026 23:30:04 | INFO     | PortalSession   | Closing Chrome...
07/07/2026 23:33:56 | INFO     | Token           | Opening browser for token capture...
07/07/2026 23:33:58 | INFO     | Token           | Waiting for portal login...
07/07/2026 23:34:33 | ERROR    | Token           | Token not found.
07/07/2026 23:34:56 | INFO     | Token           | Opening browser for token capture...
07/07/2026 23:34:58 | INFO     | Token           | Waiting for portal login...
07/07/2026 23:35:33 | ERROR    | Token           | Token not found.
07/07/2026 23:35:41 | INFO     | Token           | Opening browser for token capture...
07/07/2026 23:35:43 | INFO     | Token           | Waiting for portal login...
07/07/2026 23:39:27 | INFO     | PortalToken     | No saved token. Starting capture.
07/07/2026 23:39:47 | INFO     | PortalToken     | Token captured.
07/07/2026 23:39:49 | INFO     | PortalToken     | Token saved.
07/07/2026 23:39:49 | INFO     | PortalSession   | Starting Chrome...
07/07/2026 23:39:50 | INFO     | PortalSession   | Opening https://portal.educacaoadventista.org.br/
07/07/2026 23:39:52 | INFO     | ResourcesJob    | Running resource check...
07/07/2026 23:39:52 | INFO     | Collector       | Collecting resources...
07/07/2026 23:39:52 | INFO     | Collector       | Collecting subjects...
07/07/2026 23:40:22 | ERROR    | ResourcesJob    | Resource job failed.
Traceback (most recent call last):
  File "C:\Users\Pichau\Documents\coisas\botescolar\jobs\resources.py", line 58, in run
    .collect_resources()
     ~~~~~~~~~~~~~~~~~^^
  File "C:\Users\Pichau\Documents\coisas\botescolar\portal\collection.py", line 181, in collect_resources
    subjects = self.get_subjects()
  File "C:\Users\Pichau\Documents\coisas\botescolar\portal\collection.py", line 89, in get_subjects
    modal = self.session.wait(
        selectors.SUBJECT_MODAL
    )
  File "C:\Users\Pichau\Documents\coisas\botescolar\portal\session.py", line 206, in wait
    return utils.wait_present(
           ~~~~~~~~~~~~~~~~~~^
        self.driver,
        ^^^^^^^^^^^^
        xpath,
        ^^^^^^
        timeout,
        ^^^^^^^^
    )
    ^
  File "C:\Users\Pichau\Documents\coisas\botescolar\portal\utils.py", line 30, in wait_present
    return WebDriverWait(driver, timeout).until(
           ~~~~~~~~~~~~~~~~~~~~~~~~~~~~~~~~~~~~^
        EC.presence_of_element_located((By.XPATH, xpath))
        ^^^^^^^^^^^^^^^^^^^^^^^^^^^^^^^^^^^^^^^^^^^^^^^^^
    )
    ^
  File "C:\Users\Pichau\AppData\Local\Python\pythoncore-3.14-64\Lib\site-packages\selenium\webdriver\support\wait.py", line 121, in until
    raise TimeoutException(message, screen, stacktrace)
selenium.common.exceptions.TimeoutException: Message: 
Stacktrace:
	chromedriver!GetHandleVerifier [0x7ff76d4fe1d5+153f5]
	chromedriver!GetHandleVerifier [0x7ff76d4fe230+15450]
	chromedriver!(No symbol) [0x7ff76d035bbd]
	chromedriver!(No symbol) [0x7ff76d09108d]
	chromedriver!(No symbol) [0x7ff76d09138c]
	chromedriver!(No symbol) [0x7ff76d0e1c27]
	chromedriver!(No symbol) [0x7ff76d0de7eb]
	chromedriver!(No symbol) [0x7ff76d08361c]
	chromedriver!(No symbol) [0x7ff76d084543]
	chromedriver!GetHandleVerifier [0x7ff76dac97c1+5e09e1]
	chromedriver!GetHandleVerifier [0x7ff76dac3b6b+5dad8b]
	chromedriver!GetHandleVerifier [0x7ff76dae9345+600565]
	chromedriver!GetHandleVerifier [0x7ff76d51bf7e+3319e]
	chromedriver!GetHandleVerifier [0x7ff76d52476c+3b98c]
	chromedriver!GetHandleVerifier [0x7ff76d5082a4+1f4c4]
	chromedriver!GetHandleVerifier [0x7ff76d508434+1f654]
	chromedriver!GetHandleVerifier [0x7ff76d4eb0c7+22e7]
	KERNEL32!BaseThreadInitThunk [0x7ffd7d80e8d7+17]
	ntdll!RtlUserThreadStart [0x7ffd7efac40c+2c]

07/07/2026 23:40:22 | INFO     | PortalSession   | Closing Chrome...
07/07/2026 23:42:13 | INFO     | PortalToken     | Using saved portal token.
07/07/2026 23:42:13 | INFO     | PortalSession   | Starting Chrome...
07/07/2026 23:42:14 | INFO     | PortalSession   | Opening https://portal.educacaoadventista.org.br/
07/07/2026 23:42:15 | INFO     | ResourcesJob    | Running resource check...
07/07/2026 23:42:15 | INFO     | Collector       | Collecting resources...
07/07/2026 23:42:15 | INFO     | Collector       | Collecting subjects...
07/07/2026 23:42:46 | ERROR    | ResourcesJob    | Resource job failed.
Traceback (most recent call last):
  File "C:\Users\Pichau\Documents\coisas\botescolar\jobs\resources.py", line 58, in run
    .collect_resources()
     ~~~~~~~~~~~~~~~~~^^
  File "C:\Users\Pichau\Documents\coisas\botescolar\portal\collection.py", line 181, in collect_resources
    subjects = self.get_subjects()
  File "C:\Users\Pichau\Documents\coisas\botescolar\portal\collection.py", line 89, in get_subjects
    modal = self.session.wait(
        selectors.SUBJECT_MODAL
    )
  File "C:\Users\Pichau\Documents\coisas\botescolar\portal\session.py", line 219, in wait
    return utils.wait_present(
           ~~~~~~~~~~~~~~~~~~^
        self.driver,
        ^^^^^^^^^^^^
        xpath,
        ^^^^^^
        timeout,
        ^^^^^^^^
    )
    ^
  File "C:\Users\Pichau\Documents\coisas\botescolar\portal\utils.py", line 30, in wait_present
    return WebDriverWait(driver, timeout).until(
           ~~~~~~~~~~~~~~~~~~~~~~~~~~~~~~~~~~~~^
        EC.presence_of_element_located((By.XPATH, xpath))
        ^^^^^^^^^^^^^^^^^^^^^^^^^^^^^^^^^^^^^^^^^^^^^^^^^
    )
    ^
  File "C:\Users\Pichau\AppData\Local\Python\pythoncore-3.14-64\Lib\site-packages\selenium\webdriver\support\wait.py", line 121, in until
    raise TimeoutException(message, screen, stacktrace)
selenium.common.exceptions.TimeoutException: Message: 
Stacktrace:
	chromedriver!GetHandleVerifier [0x7ff76d4fe1d5+153f5]
	chromedriver!GetHandleVerifier [0x7ff76d4fe230+15450]
	chromedriver!(No symbol) [0x7ff76d035bbd]
	chromedriver!(No symbol) [0x7ff76d09108d]
	chromedriver!(No symbol) [0x7ff76d09138c]
	chromedriver!(No symbol) [0x7ff76d0e1c27]
	chromedriver!(No symbol) [0x7ff76d0de7eb]
	chromedriver!(No symbol) [0x7ff76d08361c]
	chromedriver!(No symbol) [0x7ff76d084543]
	chromedriver!GetHandleVerifier [0x7ff76dac97c1+5e09e1]
	chromedriver!GetHandleVerifier [0x7ff76dac3b6b+5dad8b]
	chromedriver!GetHandleVerifier [0x7ff76dae9345+600565]
	chromedriver!GetHandleVerifier [0x7ff76d51bf7e+3319e]
	chromedriver!GetHandleVerifier [0x7ff76d52476c+3b98c]
	chromedriver!GetHandleVerifier [0x7ff76d5082a4+1f4c4]
	chromedriver!GetHandleVerifier [0x7ff76d508434+1f654]
	chromedriver!GetHandleVerifier [0x7ff76d4eb0c7+22e7]
	KERNEL32!BaseThreadInitThunk [0x7ffd7d80e8d7+17]
	ntdll!RtlUserThreadStart [0x7ffd7efac40c+2c]

07/07/2026 23:42:46 | INFO     | PortalSession   | Closing Chrome...
07/07/2026 23:45:20 | INFO     | PortalSession   | Token injected. Refreshing...
07/07/2026 23:45:45 | INFO     | PortalToken     | Using saved portal token.
07/07/2026 23:45:45 | INFO     | PortalSession   | Starting Chrome...
07/07/2026 23:45:46 | INFO     | PortalSession   | Opening https://portal.educacaoadventista.org.br/
07/07/2026 23:45:47 | INFO     | PortalSession   | Injecting portal token...
07/07/2026 23:45:47 | INFO     | PortalSession   | Token injected. Refreshing...
07/07/2026 23:45:48 | INFO     | ResourcesJob    | Running resource check...
07/07/2026 23:45:48 | INFO     | Collector       | Collecting resources...
07/07/2026 23:45:48 | INFO     | Collector       | Collecting subjects...
07/07/2026 23:46:18 | ERROR    | ResourcesJob    | Resource job failed.
Traceback (most recent call last):
  File "C:\Users\Pichau\Documents\coisas\botescolar\jobs\resources.py", line 58, in run
    .collect_resources()
     ~~~~~~~~~~~~~~~~~^^
  File "C:\Users\Pichau\Documents\coisas\botescolar\portal\collection.py", line 181, in collect_resources
    subjects = self.get_subjects()
  File "C:\Users\Pichau\Documents\coisas\botescolar\portal\collection.py", line 89, in get_subjects
    modal = self.session.wait(
        selectors.SUBJECT_MODAL
    )
  File "C:\Users\Pichau\Documents\coisas\botescolar\portal\session.py", line 225, in wait
            timeout,
               ^^^^^
    ...<3 lines>...
    
    
  File "C:\Users\Pichau\Documents\coisas\botescolar\portal\utils.py", line 30, in wait_present
    return WebDriverWait(driver, timeout).until(
           ~~~~~~~~~~~~~~~~~~~~~~~~~~~~~~~~~~~~^
        EC.presence_of_element_located((By.XPATH, xpath))
        ^^^^^^^^^^^^^^^^^^^^^^^^^^^^^^^^^^^^^^^^^^^^^^^^^
    )
    ^
  File "C:\Users\Pichau\AppData\Local\Python\pythoncore-3.14-64\Lib\site-packages\selenium\webdriver\support\wait.py", line 121, in until
    raise TimeoutException(message, screen, stacktrace)
selenium.common.exceptions.TimeoutException: Message: 
Stacktrace:
	chromedriver!GetHandleVerifier [0x7ff76d4fe1d5+153f5]
	chromedriver!GetHandleVerifier [0x7ff76d4fe230+15450]
	chromedriver!(No symbol) [0x7ff76d035bbd]
	chromedriver!(No symbol) [0x7ff76d09108d]
	chromedriver!(No symbol) [0x7ff76d09138c]
	chromedriver!(No symbol) [0x7ff76d0e1c27]
	chromedriver!(No symbol) [0x7ff76d0de7eb]
	chromedriver!(No symbol) [0x7ff76d08361c]
	chromedriver!(No symbol) [0x7ff76d084543]
	chromedriver!GetHandleVerifier [0x7ff76dac97c1+5e09e1]
	chromedriver!GetHandleVerifier [0x7ff76dac3b6b+5dad8b]
	chromedriver!GetHandleVerifier [0x7ff76dae9345+600565]
	chromedriver!GetHandleVerifier [0x7ff76d51bf7e+3319e]
	chromedriver!GetHandleVerifier [0x7ff76d52476c+3b98c]
	chromedriver!GetHandleVerifier [0x7ff76d5082a4+1f4c4]
	chromedriver!GetHandleVerifier [0x7ff76d508434+1f654]
	chromedriver!GetHandleVerifier [0x7ff76d4eb0c7+22e7]
	KERNEL32!BaseThreadInitThunk [0x7ffd7d80e8d7+17]
	ntdll!RtlUserThreadStart [0x7ffd7efac40c+2c]

07/07/2026 23:46:18 | INFO     | PortalSession   | Closing Chrome...
07/07/2026 23:46:25 | INFO     | PortalToken     | Using saved portal token.
07/07/2026 23:46:25 | INFO     | PortalSession   | Starting Chrome...
07/07/2026 23:46:25 | INFO     | PortalSession   | Opening https://portal.educacaoadventista.org.br/
07/07/2026 23:46:27 | INFO     | PortalSession   | Injecting portal token...
07/07/2026 23:46:27 | INFO     | PortalSession   | Token injected. Refreshing...
07/07/2026 23:46:27 | INFO     | ResourcesJob    | Running resource check...
07/07/2026 23:46:27 | INFO     | Collector       | Collecting resources...
07/07/2026 23:46:27 | INFO     | Collector       | Collecting subjects...
07/07/2026 23:46:58 | ERROR    | ResourcesJob    | Resource job failed.
Traceback (most recent call last):
  File "C:\Users\Pichau\Documents\coisas\botescolar\jobs\resources.py", line 58, in run
    .collect_resources()
     ~~~~~~~~~~~~~~~~~^^
  File "C:\Users\Pichau\Documents\coisas\botescolar\portal\collection.py", line 181, in collect_resources
    subjects = self.get_subjects()
  File "C:\Users\Pichau\Documents\coisas\botescolar\portal\collection.py", line 89, in get_subjects
    modal = self.session.wait(
        selectors.SUBJECT_MODAL
    )
  File "C:\Users\Pichau\Documents\coisas\botescolar\portal\session.py", line 222, in wait
    return utils.wait_present(
           ~~~~~~~~~~~~~~~~~~^
        self.driver,
        ^^^^^^^^^^^^
        xpath,
        ^^^^^^
        timeout,
        ^^^^^^^^
    )
    ^
  File "C:\Users\Pichau\Documents\coisas\botescolar\portal\utils.py", line 30, in wait_present
    return WebDriverWait(driver, timeout).until(
           ~~~~~~~~~~~~~~~~~~~~~~~~~~~~~~~~~~~~^
        EC.presence_of_element_located((By.XPATH, xpath))
        ^^^^^^^^^^^^^^^^^^^^^^^^^^^^^^^^^^^^^^^^^^^^^^^^^
    )
    ^
  File "C:\Users\Pichau\AppData\Local\Python\pythoncore-3.14-64\Lib\site-packages\selenium\webdriver\support\wait.py", line 121, in until
    raise TimeoutException(message, screen, stacktrace)
selenium.common.exceptions.TimeoutException: Message: 
Stacktrace:
	chromedriver!GetHandleVerifier [0x7ff76d4fe1d5+153f5]
	chromedriver!GetHandleVerifier [0x7ff76d4fe230+15450]
	chromedriver!(No symbol) [0x7ff76d035bbd]
	chromedriver!(No symbol) [0x7ff76d09108d]
	chromedriver!(No symbol) [0x7ff76d09138c]
	chromedriver!(No symbol) [0x7ff76d0e1c27]
	chromedriver!(No symbol) [0x7ff76d0de7eb]
	chromedriver!(No symbol) [0x7ff76d08361c]
	chromedriver!(No symbol) [0x7ff76d084543]
	chromedriver!GetHandleVerifier [0x7ff76dac97c1+5e09e1]
	chromedriver!GetHandleVerifier [0x7ff76dac3b6b+5dad8b]
	chromedriver!GetHandleVerifier [0x7ff76dae9345+600565]
	chromedriver!GetHandleVerifier [0x7ff76d51bf7e+3319e]
	chromedriver!GetHandleVerifier [0x7ff76d52476c+3b98c]
	chromedriver!GetHandleVerifier [0x7ff76d5082a4+1f4c4]
	chromedriver!GetHandleVerifier [0x7ff76d508434+1f654]
	chromedriver!GetHandleVerifier [0x7ff76d4eb0c7+22e7]
	KERNEL32!BaseThreadInitThunk [0x7ffd7d80e8d7+17]
	ntdll!RtlUserThreadStart [0x7ffd7efac40c+2c]

07/07/2026 23:46:58 | INFO     | PortalSession   | Closing Chrome...
07/07/2026 23:53:24 | INFO     | PortalToken     | Using saved portal token.
07/07/2026 23:53:24 | INFO     | PortalSession   | Starting Chrome...
07/07/2026 23:53:24 | INFO     | PortalSession   | Opening https://portal.educacaoadventista.org.br/
07/07/2026 23:53:26 | INFO     | PortalSession   | Injecting portal token...
07/07/2026 23:53:26 | INFO     | PortalSession   | Token injected. Refreshing...
07/07/2026 23:53:26 | INFO     | ResourcesJob    | Running resource check...
07/07/2026 23:53:26 | INFO     | Collector       | Collecting resources...
07/07/2026 23:53:26 | INFO     | Collector       | Collecting subjects...
07/07/2026 23:53:31 | ERROR    | ResourcesJob    | Resource job failed.
Traceback (most recent call last):
  File "C:\Users\Pichau\Documents\coisas\botescolar\jobs\resources.py", line 58, in run
    .collect_resources()
     ~~~~~~~~~~~~~~~~~^^
  File "C:\Users\Pichau\Documents\coisas\botescolar\portal\collection.py", line 220, in collect_resources
    subjects = self.get_subjects()
  File "C:\Users\Pichau\Documents\coisas\botescolar\portal\collection.py", line 133, in get_subjects
    links = self.session.find_all(
            ^^^^^^^^^^^^^^^^^^^^^
AttributeError: 'PortalSession' object has no attribute 'find_all'
07/07/2026 23:53:31 | INFO     | PortalSession   | Closing Chrome...
07/07/2026 23:55:39 | INFO     | PortalToken     | Using saved portal token.
07/07/2026 23:55:39 | INFO     | PortalSession   | Starting Chrome...
07/07/2026 23:55:40 | INFO     | PortalSession   | Opening https://portal.educacaoadventista.org.br/
07/07/2026 23:55:41 | INFO     | PortalSession   | Injecting portal token...
07/07/2026 23:55:41 | INFO     | PortalSession   | Token injected. Refreshing...
07/07/2026 23:55:42 | INFO     | ResourcesJob    | Running resource check...
07/07/2026 23:55:42 | INFO     | Collector       | Collecting resources...
07/07/2026 23:55:42 | INFO     | Collector       | Collecting subjects...
07/07/2026 23:55:46 | INFO     | Collector       | Found 0 subjects.
07/07/2026 23:55:46 | INFO     | Collector       | Collected 0 resources.
07/07/2026 23:55:46 | INFO     | ResourcesJob    | Found 0 resources.
07/07/2026 23:55:46 | INFO     | PortalSession   | Closing Chrome...
07/07/2026 23:58:00 | INFO     | PortalToken     | Using saved portal token.
07/07/2026 23:58:00 | INFO     | PortalSession   | Starting Chrome...
07/07/2026 23:58:01 | INFO     | PortalSession   | Opening https://portal.educacaoadventista.org.br/
07/07/2026 23:58:03 | INFO     | PortalSession   | Injecting portal token...
07/07/2026 23:58:03 | INFO     | PortalSession   | Token injected. Refreshing...
07/07/2026 23:58:03 | INFO     | ResourcesJob    | Running resource check...
07/07/2026 23:58:03 | INFO     | Collector       | Collecting resources...
07/07/2026 23:58:03 | INFO     | Collector       | Collecting subjects...
07/07/2026 23:58:08 | INFO     | Collector       | Found 0 subjects.
07/07/2026 23:58:08 | INFO     | Collector       | Collected 0 resources.
07/07/2026 23:58:08 | INFO     | ResourcesJob    | Found 0 resources.
07/07/2026 23:58:08 | INFO     | PortalSession   | Closing Chrome...
07/07/2026 23:59:39 | INFO     | PortalToken     | Using saved portal token.
07/07/2026 23:59:39 | INFO     | PortalSession   | Starting Chrome...
07/07/2026 23:59:40 | INFO     | PortalSession   | Opening https://portal.educacaoadventista.org.br/
07/07/2026 23:59:41 | INFO     | PortalSession   | Injecting portal token...
07/07/2026 23:59:41 | INFO     | PortalSession   | Token injected. Refreshing...
07/07/2026 23:59:41 | INFO     | ResourcesJob    | Running resource check...
07/07/2026 23:59:41 | INFO     | Collector       | Collecting resources...
07/07/2026 23:59:41 | INFO     | Collector       | Collecting subjects...
07/07/2026 23:59:46 | INFO     | Collector       | Found 1 subjects.
07/07/2026 23:59:46 | INFO     | Collector       | Opening Ensino Religioso
08/07/2026 00:00:16 | ERROR    | ResourcesJob    | Resource job failed.
Traceback (most recent call last):
  File "C:\Users\Pichau\Documents\coisas\botescolar\jobs\resources.py", line 58, in run
    .collect_resources()
     ~~~~~~~~~~~~~~~~~^^
  File "C:\Users\Pichau\Documents\coisas\botescolar\portal\collection.py", line 233, in collect_resources
    cards = self.get_cards()
  File "C:\Users\Pichau\Documents\coisas\botescolar\portal\collection.py", line 200, in get_cards
    card = self.session.wait(
        selectors.CONTENT_CARD
    )
  File "C:\Users\Pichau\Documents\coisas\botescolar\portal\session.py", line 224, in wait
    return utils.wait_present(
           ~~~~~~~~~~~~~~~~~~^
        self.driver,
        ^^^^^^^^^^^^
        xpath,
        ^^^^^^
        timeout,
        ^^^^^^^^
    )
    ^
  File "C:\Users\Pichau\Documents\coisas\botescolar\portal\utils.py", line 30, in wait_present
    return WebDriverWait(driver, timeout).until(
           ~~~~~~~~~~~~~~~~~~~~~~~~~~~~~~~~~~~~^
        EC.presence_of_element_located((By.XPATH, xpath))
        ^^^^^^^^^^^^^^^^^^^^^^^^^^^^^^^^^^^^^^^^^^^^^^^^^
    )
    ^
  File "C:\Users\Pichau\AppData\Local\Python\pythoncore-3.14-64\Lib\site-packages\selenium\webdriver\support\wait.py", line 121, in until
    raise TimeoutException(message, screen, stacktrace)
selenium.common.exceptions.TimeoutException: Message: 
Stacktrace:
	chromedriver!GetHandleVerifier [0x7ff76d4fe1d5+153f5]
	chromedriver!GetHandleVerifier [0x7ff76d4fe230+15450]
	chromedriver!(No symbol) [0x7ff76d035bbd]
	chromedriver!(No symbol) [0x7ff76d09108d]
	chromedriver!(No symbol) [0x7ff76d09138c]
	chromedriver!(No symbol) [0x7ff76d0e1c27]
	chromedriver!(No symbol) [0x7ff76d0de7eb]
	chromedriver!(No symbol) [0x7ff76d08361c]
	chromedriver!(No symbol) [0x7ff76d084543]
	chromedriver!GetHandleVerifier [0x7ff76dac97c1+5e09e1]
	chromedriver!GetHandleVerifier [0x7ff76dac3b6b+5dad8b]
	chromedriver!GetHandleVerifier [0x7ff76dae9345+600565]
	chromedriver!GetHandleVerifier [0x7ff76d51bf7e+3319e]
	chromedriver!GetHandleVerifier [0x7ff76d52476c+3b98c]
	chromedriver!GetHandleVerifier [0x7ff76d5082a4+1f4c4]
	chromedriver!GetHandleVerifier [0x7ff76d508434+1f654]
	chromedriver!GetHandleVerifier [0x7ff76d4eb0c7+22e7]
	KERNEL32!BaseThreadInitThunk [0x7ffd7d80e8d7+17]
	ntdll!RtlUserThreadStart [0x7ffd7efac40c+2c]

08/07/2026 00:00:16 | INFO     | PortalSession   | Closing Chrome...
08/07/2026 00:04:41 | INFO     | PortalToken     | Using saved portal token.
08/07/2026 00:04:41 | INFO     | PortalSession   | Starting Chrome...
08/07/2026 00:04:42 | INFO     | PortalSession   | Opening https://portal.educacaoadventista.org.br/
08/07/2026 00:04:43 | INFO     | PortalSession   | Injecting portal token...
08/07/2026 00:04:43 | INFO     | PortalSession   | Token injected. Refreshing...
08/07/2026 00:04:43 | INFO     | ResourcesJob    | Running resource check...
08/07/2026 00:04:43 | INFO     | Collector       | Collecting resources...
08/07/2026 00:04:43 | ERROR    | ResourcesJob    | Resource job failed.
Traceback (most recent call last):
  File "C:\Users\Pichau\Documents\coisas\botescolar\jobs\resources.py", line 58, in run
    .collect_resources()
     ~~~~~~~~~~~~~~~~~^^
  File "C:\Users\Pichau\Documents\coisas\botescolar\portal\collection.py", line 245, in collect_resources
    subjects = self.get_subjects()
               ^^^^^^^^^^^^^^^^^
AttributeError: 'PortalCollector' object has no attribute 'get_subjects'. Did you mean: 'open_subject'?
08/07/2026 00:04:43 | INFO     | PortalSession   | Closing Chrome...
08/07/2026 00:08:38 | INFO     | PortalToken     | Using saved portal token.
08/07/2026 00:08:38 | INFO     | PortalSession   | Starting Chrome...
08/07/2026 00:08:38 | INFO     | PortalSession   | Opening https://portal.educacaoadventista.org.br/
08/07/2026 00:08:40 | INFO     | PortalSession   | Injecting portal token...
08/07/2026 00:08:40 | INFO     | PortalSession   | Token injected. Refreshing...
08/07/2026 00:08:40 | INFO     | ResourcesJob    | Running resource check...
08/07/2026 00:08:40 | ERROR    | ResourcesJob    | Resource job failed.
Traceback (most recent call last):
  File "C:\Users\Pichau\Documents\coisas\botescolar\jobs\resources.py", line 58, in run
    .collect_resources()
     ^^^^^^^^^^^^^^^^^
AttributeError: 'PortalCollector' object has no attribute 'collect_resources'
08/07/2026 00:08:40 | INFO     | PortalSession   | Closing Chrome...
08/07/2026 00:11:41 | INFO     | PortalToken     | Using saved portal token.
08/07/2026 00:11:41 | INFO     | PortalSession   | Starting Chrome...
08/07/2026 00:11:41 | INFO     | PortalSession   | Opening https://portal.educacaoadventista.org.br/
08/07/2026 00:11:43 | INFO     | PortalSession   | Injecting portal token...
08/07/2026 00:11:43 | INFO     | PortalSession   | Token injected. Refreshing...
08/07/2026 00:11:43 | INFO     | ResourcesJob    | Running resource check...
08/07/2026 00:11:43 | INFO     | Collector       | Collecting resources...
08/07/2026 00:11:43 | INFO     | Collector       | Collecting subjects...
08/07/2026 00:11:48 | INFO     | Collector       | Found 1 subjects.
08/07/2026 00:11:48 | INFO     | Collector       | Opening Ensino Religioso
08/07/2026 00:12:18 | ERROR    | ResourcesJob    | Resource job failed.
Traceback (most recent call last):
  File "C:\Users\Pichau\Documents\coisas\botescolar\jobs\resources.py", line 58, in run
    .collect_resources()
     ~~~~~~~~~~~~~~~~~^^
  File "C:\Users\Pichau\Documents\coisas\botescolar\portal\collection.py", line 242, in collect_resources
    cards = self.get_cards()
  File "C:\Users\Pichau\Documents\coisas\botescolar\portal\collection.py", line 209, in get_cards
    card = self.session.wait(
        selectors.CONTENT_CARD
    )
  File "C:\Users\Pichau\Documents\coisas\botescolar\portal\session.py", line 224, in wait
    return utils.wait_present(
           ~~~~~~~~~~~~~~~~~~^
        self.driver,
        ^^^^^^^^^^^^
        xpath,
        ^^^^^^
        timeout,
        ^^^^^^^^
    )
    ^
  File "C:\Users\Pichau\Documents\coisas\botescolar\portal\utils.py", line 30, in wait_present
    return WebDriverWait(driver, timeout).until(
           ~~~~~~~~~~~~~~~~~~~~~~~~~~~~~~~~~~~~^
        EC.presence_of_element_located((By.XPATH, xpath))
        ^^^^^^^^^^^^^^^^^^^^^^^^^^^^^^^^^^^^^^^^^^^^^^^^^
    )
    ^
  File "C:\Users\Pichau\AppData\Local\Python\pythoncore-3.14-64\Lib\site-packages\selenium\webdriver\support\wait.py", line 121, in until
    raise TimeoutException(message, screen, stacktrace)
selenium.common.exceptions.TimeoutException: Message: 
Stacktrace:
	chromedriver!GetHandleVerifier [0x7ff76d4fe1d5+153f5]
	chromedriver!GetHandleVerifier [0x7ff76d4fe230+15450]
	chromedriver!(No symbol) [0x7ff76d035bbd]
	chromedriver!(No symbol) [0x7ff76d09108d]
	chromedriver!(No symbol) [0x7ff76d09138c]
	chromedriver!(No symbol) [0x7ff76d0e1c27]
	chromedriver!(No symbol) [0x7ff76d0de7eb]
	chromedriver!(No symbol) [0x7ff76d08361c]
	chromedriver!(No symbol) [0x7ff76d084543]
	chromedriver!GetHandleVerifier [0x7ff76dac97c1+5e09e1]
	chromedriver!GetHandleVerifier [0x7ff76dac3b6b+5dad8b]
	chromedriver!GetHandleVerifier [0x7ff76dae9345+600565]
	chromedriver!GetHandleVerifier [0x7ff76d51bf7e+3319e]
	chromedriver!GetHandleVerifier [0x7ff76d52476c+3b98c]
	chromedriver!GetHandleVerifier [0x7ff76d5082a4+1f4c4]
	chromedriver!GetHandleVerifier [0x7ff76d508434+1f654]
	chromedriver!GetHandleVerifier [0x7ff76d4eb0c7+22e7]
	KERNEL32!BaseThreadInitThunk [0x7ffd7d80e8d7+17]
	ntdll!RtlUserThreadStart [0x7ffd7efac40c+2c]

08/07/2026 00:12:18 | INFO     | PortalSession   | Closing Chrome...
08/07/2026 22:53:07 | INFO     | PortalToken     | Using saved portal token.
08/07/2026 22:53:07 | INFO     | PortalSession   | Starting Chrome...
08/07/2026 22:53:12 | INFO     | PortalSession   | Opening https://portal.educacaoadventista.org.br/
08/07/2026 22:53:14 | INFO     | PortalSession   | Injecting portal token...
08/07/2026 22:53:14 | INFO     | PortalSession   | Token injected. Refreshing...
08/07/2026 22:53:14 | INFO     | ResourcesJob    | Running resource check...
08/07/2026 22:53:14 | INFO     | Collector       | Collecting resources...
08/07/2026 22:53:14 | INFO     | Collector       | Collecting subjects...
08/07/2026 22:53:37 | INFO     | Collector       | Found 1 subjects.
08/07/2026 22:53:37 | INFO     | Collector       | Opening Cultura Geral
08/07/2026 22:53:43 | ERROR    | ResourcesJob    | Resource job failed.
Traceback (most recent call last):
  File "C:\Users\Pichau\Documents\coisas\botescolar\jobs\resources.py", line 58, in run
    .collect_resources()
     ~~~~~~~~~~~~~~~~~^^
  File "C:\Users\Pichau\Documents\coisas\botescolar\portal\collection.py", line 242, in collect_resources
    cards = self.get_cards()
  File "C:\Users\Pichau\Documents\coisas\botescolar\portal\collection.py", line 209, in get_cards
    card = self.session.wait(
        selectors.CONTENT_CARD
    )
  File "C:\Users\Pichau\Documents\coisas\botescolar\portal\session.py", line 224, in wait
    return utils.wait_present(
           ~~~~~~~~~~~~~~~~~~^
        self.driver,
        ^^^^^^^^^^^^
        xpath,
        ^^^^^^
        timeout,
        ^^^^^^^^
    )
    ^
  File "C:\Users\Pichau\Documents\coisas\botescolar\portal\utils.py", line 30, in wait_present
    return WebDriverWait(driver, timeout).until(
           ~~~~~~~~~~~~~~~~~~~~~~~~~~~~~~~~~~~~^
        EC.presence_of_element_located((By.XPATH, xpath))
        ^^^^^^^^^^^^^^^^^^^^^^^^^^^^^^^^^^^^^^^^^^^^^^^^^
    )
    ^
  File "C:\Users\Pichau\AppData\Local\Python\pythoncore-3.14-64\Lib\site-packages\selenium\webdriver\support\wait.py", line 112, in until
    value = method(self._driver)
  File "C:\Users\Pichau\AppData\Local\Python\pythoncore-3.14-64\Lib\site-packages\selenium\webdriver\support\expected_conditions.py", line 92, in _predicate
    return driver.find_element(*locator)
           ~~~~~~~~~~~~~~~~~~~^^^^^^^^^^
  File "C:\Users\Pichau\AppData\Local\Python\pythoncore-3.14-64\Lib\site-packages\selenium\webdriver\remote\webdriver.py", line 816, in find_element
    return self.execute(Command.FIND_ELEMENT, {"using": by, "value": value})["value"]
           ~~~~~~~~~~~~^^^^^^^^^^^^^^^^^^^^^^^^^^^^^^^^^^^^^^^^^^^^^^^^^^^^^
  File "C:\Users\Pichau\AppData\Local\Python\pythoncore-3.14-64\Lib\site-packages\selenium\webdriver\remote\webdriver.py", line 446, in execute
    self.error_handler.check_response(response)
    ~~~~~~~~~~~~~~~~~~~~~~~~~~~~~~~~~^^^^^^^^^^
  File "C:\Users\Pichau\AppData\Local\Python\pythoncore-3.14-64\Lib\site-packages\selenium\webdriver\remote\errorhandler.py", line 232, in check_response
    raise exception_class(message, screen, stacktrace)
selenium.common.exceptions.InvalidSessionIdException: Message: invalid session id: session deleted as the browser has closed the connection
from disconnected: not connected to DevTools
  (Session info: chrome=150.0.7871.49); For documentation on this error, please visit: https://www.selenium.dev/documentation/webdriver/troubleshooting/errors#invalidsessionidexception
Stacktrace:
	chromedriver!GetHandleVerifier [0x7ff64e34a865+152a5]
	chromedriver!GetHandleVerifier [0x7ff64e34a8c0+15300]
	chromedriver!(No symbol) [0x7ff64dea596d]
	chromedriver!(No symbol) [0x7ff64de91132]
	chromedriver!(No symbol) [0x7ff64deb706c]
	chromedriver!(No symbol) [0x7ff64df30430]
	chromedriver!(No symbol) [0x7ff64df4d5b2]
	chromedriver!(No symbol) [0x7ff64def2b3c]
	chromedriver!(No symbol) [0x7ff64def3a53]
	chromedriver!GetHandleVerifier [0x7ff64e92d3a1+5f7de1]
	chromedriver!GetHandleVerifier [0x7ff64e927a3b+5f247b]
	chromedriver!GetHandleVerifier [0x7ff64e94bca5+6166e5]
	chromedriver!GetHandleVerifier [0x7ff64e3672ae+31cee]
	chromedriver!GetHandleVerifier [0x7ff64e36fe3c+3a87c]
	chromedriver!GetHandleVerifier [0x7ff64e354404+1ee44]
	chromedriver!GetHandleVerifier [0x7ff64e354594+1efd4]
	chromedriver!GetHandleVerifier [0x7ff64e3375c7+2007]
	KERNEL32!BaseThreadInitThunk [0x7fff8d5de8d7+17]
	ntdll!RtlUserThreadStart [0x7fff8e70c40c+2c]

08/07/2026 22:53:43 | INFO     | PortalSession   | Closing Chrome...
08/07/2026 22:54:19 | INFO     | Launcher        | ============================================================
08/07/2026 22:54:19 | INFO     | Launcher        | School Bot starting...
08/07/2026 22:54:19 | INFO     | Launcher        | ============================================================
08/07/2026 22:54:19 | INFO     | Launcher        | Obtaining portal token...
08/07/2026 22:54:19 | INFO     | PortalToken     | Using saved portal token.
08/07/2026 22:54:19 | INFO     | Launcher        | Portal token acquired.
08/07/2026 22:54:19 | INFO     | PortalSession   | Starting Chrome...
08/07/2026 22:54:20 | INFO     | PortalSession   | Opening https://portal.educacaoadventista.org.br/
08/07/2026 22:54:21 | INFO     | PortalSession   | Injecting portal token...
08/07/2026 22:54:21 | INFO     | PortalSession   | Token injected. Refreshing...
08/07/2026 22:54:22 | INFO     | Discord         | Connecting to Discord...
08/07/2026 22:58:26 | INFO     | Launcher        | ============================================================
08/07/2026 22:58:26 | INFO     | Launcher        | School Bot starting...
08/07/2026 22:58:26 | INFO     | Launcher        | ============================================================
08/07/2026 22:58:26 | INFO     | Launcher        | Obtaining portal token...
08/07/2026 22:58:26 | INFO     | PortalToken     | Using saved portal token.
08/07/2026 22:58:26 | INFO     | Launcher        | Portal token acquired.
08/07/2026 22:58:26 | INFO     | PortalSession   | Starting Chrome...
08/07/2026 22:58:27 | INFO     | PortalSession   | Opening https://portal.educacaoadventista.org.br/
08/07/2026 22:58:29 | INFO     | PortalSession   | Injecting portal token...
08/07/2026 22:58:29 | INFO     | PortalSession   | Token injected. Refreshing...
08/07/2026 22:58:29 | INFO     | Discord         | Connecting to Discord...
